digraph gocouple {
  rankdir=LR;
  node [shape=box, style=filled];
  n1 [label="cmd/orders", fillcolor="#c9e7c9"];
  n2 [label="internal/catalog", fillcolor="#c9e7c9"];
  n3 [label="internal/contracts", fillcolor="#c9e7c9"];
  n4 [label="internal/logger", fillcolor="#c9e7c9"];
  n5 [label="internal/notify", fillcolor="#c9e7c9"];
  n6 [label="internal/order", fillcolor="#c9e7c9"];
  n7 [label="internal/payment", fillcolor="#c9e7c9"];
  n1 -> n2;
  n1 -> n4;
  n1 -> n5;
  n1 -> n6;
  n1 -> n7;
  n2 -> n3;
  n4 -> n3;
  n5 -> n3;
  n6 -> n3;
  n7 -> n3;
}
